2026-10-01 13:07:35,231 - INFO - url: https://zjjdx.yangfeiyue.dpdns.org/txt/Zhejiang_dianxin.txt 获取成功，判断为m3u格式
2026-10-01 13:07:35,234 - INFO - url: https://zjjdx.yangfeiyue.dpdns.org/txt/Zhejiang_dianxin.txt 爬取成功✅，包含频道分类: 央视高清, 卫视高清
2026-10-01 13:07:35,509 - INFO - url: https://shhdx.yangfeiyue.dpdns.org/txt/Shanghai_dianxin.txt 获取成功，判断为m3u格式
2026-10-01 13:07:35,511 - INFO - url: https://shhdx.yangfeiyue.dpdns.org/txt/Shanghai_dianxin.txt 爬取成功✅，包含频道分类: 央视高清, 央视频道, 卫视高清, 数字频道
2026-10-01 13:07:36,141 - INFO - url: https://gdddx.yangfeiyue.dpdns.org/txt/Guangdong_dianxin.txt 获取成功，判断为m3u格式
2026-10-01 13:07:36,147 - INFO - url: https://gdddx.yangfeiyue.dpdns.org/txt/Guangdong_dianxin.txt 爬取成功✅，包含频道分类: 央视高清, 卫视高清
2026-10-01 13:07:36,438 - INFO - url: https://bjjyd.yangfeiyue.dpdns.org/txt/Beijing_yidong.txt 获取成功，判断为m3u格式
2026-10-01 13:07:36,439 - INFO - url: https://bjjyd.yangfeiyue.dpdns.org/txt/Beijing_yidong.txt 爬取成功✅，包含频道分类: 本地高清
2026-10-01 13:07:36,787 - INFO - url: https://bjjdx.yangfeiyue.dpdns.org/txt/Beijing_dianxin.txt 获取成功，判断为m3u格式
2026-10-01 13:07:36,788 - INFO - url: https://bjjdx.yangfeiyue.dpdns.org/txt/Beijing_dianxin.txt 爬取成功✅，包含频道分类: 央视高清, 本地高清, 卫视高清
2026-10-01 13:07:37,045 - INFO - url: https://bjjlt.yangfeiyue.dpdns.org/txt/Beijing_liantong.txt 获取成功，判断为m3u格式
2026-10-01 13:07:37,047 - INFO - url: https://bjjlt.yangfeiyue.dpdns.org/txt/Beijing_liantong.txt 爬取成功✅，包含频道分类: 央视高清, 本地高清, 卫视高清, 华数高清
2026-10-01 13:07:37,333 - INFO - url: https://tjjlt.yangfeiyue.dpdns.org/txt/Tianjin_liantong.txt 获取成功，判断为m3u格式
2026-10-01 13:07:37,333 - INFO - url: https://tjjlt.yangfeiyue.dpdns.org/txt/Tianjin_liantong.txt 爬取成功✅，包含频道分类: 央视高清, 卫视频道
2026-10-01 13:07:37,740 - INFO - url: https://jssdx.yangfeiyue.dpdns.org/txt/Jiangsu_dianxin.txt 获取成功，判断为m3u格式
2026-10-01 13:07:37,744 - INFO - url: https://jssdx.yangfeiyue.dpdns.org/txt/Jiangsu_dianxin.txt 爬取成功✅，包含频道分类: 央视高清, 卫视高清, 影院高清
2026-10-01 13:07:37,997 - INFO - url: https://ccqqdx.yangfeiyue.dpdns.org/txt/Chongqing_dianxin.txt 获取成功，判断为m3u格式
2026-10-01 13:07:37,999 - INFO - url: https://ccqqdx.yangfeiyue.dpdns.org/txt/Chongqing_dianxin.txt 爬取成功✅，包含频道分类: 卫视高清, 卫视频道, 央视高清
2026-10-01 13:07:38,391 - INFO - url: https://cqqlt.yangfeiyue.dpdns.org/txt/Chongqing_liantong.txt 获取成功，判断为m3u格式
2026-10-01 13:07:38,393 - INFO - url: https://cqqlt.yangfeiyue.dpdns.org/txt/Chongqing_liantong.txt 爬取成功✅，包含频道分类: 卫视高清, 华数高清
2026-10-01 13:07:38,681 - INFO - url: https://ssxdx.yangfeiyue.dpdns.org/txt/Shaanxi_dianxin.txt 获取成功，判断为m3u格式
2026-10-01 13:07:38,691 - INFO - url: https://ssxdx.yangfeiyue.dpdns.org/txt/Shaanxi_dianxin.txt 爬取成功✅，包含频道分类: 央视高清, 卫视高清
2026-10-01 13:07:38,957 - INFO - url: https://jxxdx.yangfeiyue.dpdns.org/txt/Jiangxi_dianxin.txt 获取成功，判断为m3u格式
2026-10-01 13:07:38,959 - INFO - url: https://jxxdx.yangfeiyue.dpdns.org/txt/Jiangxi_dianxin.txt 爬取成功✅，包含频道分类: 卫视高清, 影院高清, 央视高清
2026-10-01 13:07:39,234 - INFO - url: https://fjjdx.yangfeiyue.dpdns.org/txt/Fujian_dianxin.txt 获取成功，判断为m3u格式
2026-10-01 13:07:39,235 - INFO - url: https://fjjdx.yangfeiyue.dpdns.org/txt/Fujian_dianxin.txt 爬取成功✅，包含频道分类: 卫视高清
2026-10-01 13:07:39,503 - INFO - url: https://ahhdx.yangfeiyue.dpdns.org/txt/Anhui_dianxin.txt 获取成功，判断为m3u格式
2026-10-01 13:07:39,508 - INFO - url: https://ahhdx.yangfeiyue.dpdns.org/txt/Anhui_dianxin.txt 爬取成功✅，包含频道分类: 卫视高清, 央视高清, 影院高清, 华数高清
2026-10-01 13:07:39,755 - INFO - url: https://hnndx.yangfeiyue.dpdns.org/txt/Hunan_dianxin.txt 获取成功，判断为m3u格式
2026-10-01 13:07:39,757 - INFO - url: https://hnndx.yangfeiyue.dpdns.org/txt/Hunan_dianxin.txt 爬取成功✅，包含频道分类: 卫视高清, 央视高清, 本地高清
2026-10-01 13:07:40,054 - INFO - url: https://sccdx.yangfeiyue.dpdns.org/txt/Sichuan_dianxin.txt 获取成功，判断为m3u格式
2026-10-01 13:07:40,070 - INFO - url: https://sccdx.yangfeiyue.dpdns.org/txt/Sichuan_dianxin.txt 爬取成功✅，包含频道分类: 央视高清, 卫视高清, 本地高清, 电影, 华数高清, 影院高清
2026-10-01 13:07:40,415 - INFO - url: https://scyd.yangfeiyue.dpdns.org/txt/Sichuan_yidong.txt 获取成功，判断为m3u格式
2026-10-01 13:07:40,417 - INFO - url: https://scyd.yangfeiyue.dpdns.org/txt/Sichuan_yidong.txt 爬取成功✅，包含频道分类: 本地高清
2026-10-01 13:07:40,705 - INFO - url: https://gxxdx.yangfeiyue.dpdns.org/txt/Guangxi_dianxin.txt 获取成功，判断为m3u格式
2026-10-01 13:07:40,706 - INFO - url: https://gxxdx.yangfeiyue.dpdns.org/txt/Guangxi_dianxin.txt 爬取成功✅，包含频道分类: 卫视高清
2026-10-01 13:07:41,003 - INFO - url: https://hbbdx.yangfeiyue.dpdns.org/txt/Hubei_dianxin.txt 获取成功，判断为m3u格式
2026-10-01 13:07:41,004 - INFO - url: https://hbbdx.yangfeiyue.dpdns.org/txt/Hubei_dianxin.txt 爬取成功✅，包含频道分类: 卫视高清, 影院高清
2026-10-01 13:07:41,384 - INFO - url: https://hebbdx.yangfeiyue.dpdns.org/txt/Hebei_dianxin.txt 获取成功，判断为m3u格式
2026-10-01 13:07:41,387 - INFO - url: https://hebbdx.yangfeiyue.dpdns.org/txt/Hebei_dianxin.txt 爬取成功✅，包含频道分类: 卫视高清
2026-10-01 13:07:41,764 - INFO - url: https://heeblt.yangfeiyue.dpdns.org/txt/Hebei_liantong.txt 获取成功，判断为m3u格式
2026-10-01 13:07:41,767 - INFO - url: https://heeblt.yangfeiyue.dpdns.org/txt/Hebei_liantong.txt 爬取成功✅，包含频道分类: 卫视高清
2026-10-01 13:07:42,011 - INFO - url: https://ssxxdx.yangfeiyue.dpdns.org/txt/Shanxi_dianxin.txt 获取成功，判断为m3u格式
2026-10-01 13:07:42,012 - INFO - url: https://ssxxdx.yangfeiyue.dpdns.org/txt/Shanxi_dianxin.txt 爬取成功✅，包含频道分类: 卫视高清
2026-10-01 13:07:42,264 - INFO - url: https://sxxlt.yangfeiyue.dpdns.org/txt/Shanxi_liantong.txt 获取成功，判断为m3u格式
2026-10-01 13:07:42,264 - INFO - url: https://sxxlt.yangfeiyue.dpdns.org/txt/Shanxi_liantong.txt 爬取成功✅，包含频道分类: 卫视高清
2026-10-01 13:07:42,671 - INFO - url: https://hhndx.yangfeiyue.dpdns.org/txt/Henan_dianxin.txt 获取成功，判断为m3u格式
2026-10-01 13:07:42,682 - INFO - url: https://hhndx.yangfeiyue.dpdns.org/txt/Henan_dianxin.txt 爬取成功✅，包含频道分类: 卫视高清, 央视高清, 郑州新闻, 郑州商都, 郑州文体, 郑州戏曲, 郑州妇女, 郑州生活, 本地高清
2026-10-01 13:07:42,958 - INFO - url: https://hhnndx.yangfeiyue.dpdns.org/txt/Henan_dianxin.txt 获取成功，判断为m3u格式
2026-10-01 13:07:42,969 - INFO - url: https://hhnndx.yangfeiyue.dpdns.org/txt/Henan_dianxin.txt 爬取成功✅，包含频道分类: 卫视高清, 央视高清, 郑州新闻, 郑州商都, 郑州文体, 郑州戏曲, 郑州妇女, 郑州生活, 本地高清
2026-10-01 13:07:43,463 - INFO - url: https://hanndx.yangfeiyue.dpdns.org/txt/Hainan_dianxin.txt 获取成功，判断为m3u格式
2026-10-01 13:07:43,463 - INFO - url: https://hanndx.yangfeiyue.dpdns.org/txt/Hainan_dianxin.txt 爬取成功✅，包含频道分类: 央视高清, 卫视频道
2026-10-01 13:07:43,709 - INFO - url: https://jlldx.yangfeiyue.dpdns.org/txt/Jilin_dianxin.txt 获取成功，判断为m3u格式
2026-10-01 13:07:43,710 - INFO - url: https://jlldx.yangfeiyue.dpdns.org/txt/Jilin_dianxin.txt 爬取成功✅，包含频道分类: 央视高清
2026-10-01 13:07:43,935 - INFO - url: https://lnnlt.yangfeiyue.dpdns.org/txt/Liaoning_liantong.txt 获取成功，判断为m3u格式
2026-10-01 13:07:43,936 - INFO - url: https://lnnlt.yangfeiyue.dpdns.org/txt/Liaoning_liantong.txt 爬取成功✅，包含频道分类: 央视高清, 卫视频道
2026-10-01 13:07:44,248 - INFO - url: https://hljjlt.yangfeiyue.dpdns.org/txt/Heilongjiang_liantong.txt 获取成功，判断为m3u格式
2026-10-01 13:07:44,248 - INFO - url: https://hljjlt.yangfeiyue.dpdns.org/txt/Heilongjiang_liantong.txt 爬取成功✅，包含频道分类: 央视高清
2026-10-01 13:07:44,503 - INFO - url: https://sdddx.yangfeiyue.dpdns.org/txt/Shandong_dianxin.txt 获取成功，判断为m3u格式
2026-10-01 13:07:44,508 - INFO - url: https://sdddx.yangfeiyue.dpdns.org/txt/Shandong_dianxin.txt 爬取成功✅，包含频道分类: 山东电信
2026-10-01 13:07:44,774 - INFO - url: https://gzzdx.yangfeiyue.dpdns.org/txt/Guizhou_dianxin.txt 获取成功，判断为m3u格式
2026-10-01 13:07:44,775 - INFO - url: https://gzzdx.yangfeiyue.dpdns.org/txt/Guizhou_dianxin.txt 爬取成功✅，包含频道分类: 本地高清
2026-10-01 13:07:45,030 - INFO - url: https://nxxdx.yangfeiyue.dpdns.org/txt/Ningxia_dianxin.txt 获取成功，判断为m3u格式
2026-10-01 13:07:45,031 - INFO - url: https://nxxdx.yangfeiyue.dpdns.org/txt/Ningxia_dianxin.txt 爬取成功✅，包含频道分类: 央视高清, 卫视频道
2026-10-01 13:07:45,311 - INFO - url: https://ynndx.yangfeiyue.dpdns.org/txt/Yunnan_dianxin.txt 获取成功，判断为m3u格式
2026-10-01 13:07:45,311 - INFO - url: https://ynndx.yangfeiyue.dpdns.org/txt/Yunnan_dianxin.txt 爬取成功✅，包含频道分类: 央视高清, 卫视频道
2026-10-01 13:07:45,563 - INFO - url: https://nmggdx.yangfeiyue.dpdns.org/txt/Neimenggu_dianxin.txt 获取成功，判断为m3u格式
2026-10-01 13:07:45,565 - INFO - url: https://nmggdx.yangfeiyue.dpdns.org/txt/Neimenggu_dianxin.txt 爬取成功✅，包含频道分类: 央视高清, 卫视频道
2026-10-01 13:07:45,868 - INFO - url: https://krrsk.yangfeiyue.dpdns.org/txt/KR_SK.txt 获取成功，判断为m3u格式
2026-10-01 13:07:45,868 - INFO - url: https://krrsk.yangfeiyue.dpdns.org/txt/KR_SK.txt 爬取成功✅，包含频道分类: 韩国高清
2026-10-01 13:07:46,465 - INFO - url: https://proxy.lalifeier.eu.org/https://raw.githubusercontent.com/zjyktcyfy/zj-fy/refs/heads/main/txt/ZJYD.m3u 获取成功，判断为txt格式
2026-10-01 13:07:46,466 - INFO - url: https://proxy.lalifeier.eu.org/https://raw.githubusercontent.com/zjyktcyfy/zj-fy/refs/heads/main/txt/ZJYD.m3u 爬取成功✅，包含频道分类: ZJYD
